// Jest Snapshot v1, https://goo.gl/fbAQLP

exports[`CityList should render successfully 1`] = `
<div
  class="sc-bZQynM gjiLr"
>
  <div
    class="sc-ifAKCX LFxbM"
  >
    <h1
      class="sc-EHOje jPeloi"
      title="Sydney"
    >
      Sydney
    </h1>
    <div
      class="sc-bdVaJa eUlSw"
      data-testid="loading"
    >
      <div
        class="spinner-border"
        role="status"
      >
        <span
          class="sr-only"
        >
          Loading...
        </span>
      </div>
    </div>
  </div>
  <div
    class="sc-ifAKCX LFxbM"
  >
    <h1
      class="sc-EHOje jPeloi"
      title="Melbourne"
    >
      Melbourne
    </h1>
    <div
      class="sc-bdVaJa eUlSw"
      data-testid="loading"
    >
      <div
        class="spinner-border"
        role="status"
      >
        <span
          class="sr-only"
        >
          Loading...
        </span>
      </div>
    </div>
  </div>
  <div
    class="sc-ifAKCX LFxbM"
  >
    <h1
      class="sc-EHOje jPeloi"
      title="Brisbane"
    >
      Brisbane
    </h1>
    <div
      class="sc-bdVaJa eUlSw"
      data-testid="loading"
    >
      <div
        class="spinner-border"
        role="status"
      >
        <span
          class="sr-only"
        >
          Loading...
        </span>
      </div>
    </div>
  </div>
</div>
`;
